* installing *source* package ‘test’ ...
** libs
clang++ -I/Library/Frameworks/R.framework/Resources/include -DNDEBUG  -I/opt/local/include -I"/Library/Frameworks/R.framework/Versions/3.1/Resources/library/Rcpp/include"   -fPIC  -mtune=core2 -g -O2  -c rcpp_hello_world.cpp -o rcpp_hello_world.o
clang++ -dynamiclib -Wl,-headerpad_max_install_names -undefined dynamic_lookup -single_module -multiply_defined suppress -L/Library/Frameworks/R.framework/Resources/lib -L/usr/local/lib -L/usr/local/lib -o test.so RcppExports.o rcpp_hello_world.o -F/Library/Frameworks/R.framework/.. -framework R -Wl,-framework -Wl,CoreFoundation
installing to /Users/Juste/Documents/ComplexSystems/CityNetwork/Models/Utils/R/boostgraph_wrapper/test/..Rcheck/test/libs
** R
** preparing package for lazy loading
** help
Avis : /Users/Juste/Documents/ComplexSystems/CityNetwork/Models/Utils/R/boostgraph_wrapper/test/man/test-package.Rd:30: All text must be in a section
Avis : /Users/Juste/Documents/ComplexSystems/CityNetwork/Models/Utils/R/boostgraph_wrapper/test/man/test-package.Rd:31: All text must be in a section
*** installing help indices
** building package indices
** testing if installed package can be loaded
Error in dyn.load(file, DLLpath = DLLpath, ...) : 
  impossible de charger l'objet partagé '/Users/Juste/Documents/ComplexSystems/CityNetwork/Models/Utils/R/boostgraph_wrapper/test/..Rcheck/test/libs/test.so':
  dlopen(/Users/Juste/Documents/ComplexSystems/CityNetwork/Models/Utils/R/boostgraph_wrapper/test/..Rcheck/test/libs/test.so, 6): Symbol not found: __Z10computeGCDv
  Referenced from: /Users/Juste/Documents/ComplexSystems/CityNetwork/Models/Utils/R/boostgraph_wrapper/test/..Rcheck/test/libs/test.so
  Expected in: flat namespace
 in /Users/Juste/Documents/ComplexSystems/CityNetwork/Models/Utils/R/boostgraph_wrapper/test/..Rcheck/test/libs/test.so
Erreur : le chargement a échoué
Exécution arrêtée
ERROR: loading failed
* removing ‘/Users/Juste/Documents/ComplexSystems/CityNetwork/Models/Utils/R/boostgraph_wrapper/test/..Rcheck/test’
